
> web@0.0.0 test
> vitest run talhaoSchema importGeoJson


 RUN  v5.0.0 C:/Desenv/Projetos/rrb-safraOS/.claude/worktrees/issue-5-talhoes-geojson-mapa/apps/web


 Test Files  2 passed (2)
      Tests  7 passed (7)
   Start at  15:22:00
   Duration  840ms (environment 81%, setup 13%, transform 4%, tests 1%, import 1%, worker 1%)

